// Jest Snapshot v1, https://goo.gl/fbAQLP

exports[`prepare 1`] = `
"<html><head><style>div {
  color: red;
}
body {
  background: blue;
}
.test {
  font-family: serif;
}
#header {
  margin: 10px;
}
</style></head><body></body></html>"
`;
