// Jest Snapshot v1, https://goo.gl/fbAQLP

exports[`run 1`] = `
"<head></head><body><div class=\\"rll-youtube-player\\" data-id=\\"uJ2T8iyvFRk\\" data-query=\\"feature=oembed\\"><iframe title=\\"מדריך קידום אתרים - שלב 1: מה זה קובץ robots.txt ואיך להגדיר אותו\\" width=\\"800\\" height=\\"450\\" src=\\"https://www.youtube.com/embed/uJ2T8iyvFRk?feature=oembed\\" frameborder=\\"0\\" allow=\\"accelerometer; autoplay; encrypted-media; gyroscope; picture-in-picture\\" allowfullscreen=\\"\\"></iframe></div><noscript><iframe title=\\"מדריך קידום אתרים - שלב 1: מה זה קובץ robots.txt ואיך להגדיר אותו\\" width=\\"800\\" height=\\"450\\" src=\\"https://www.youtube.com/embed/uJ2T8iyvFRk?feature=oembed\\" frameborder=\\"0\\" allow=\\"accelerometer; autoplay; encrypted-media; gyroscope; picture-in-picture\\" allowfullscreen></iframe></noscript>
</body>"
`;
